// Jest Snapshot v1, https://goo.gl/fbAQLP

exports[`My connected Home component is displayed correctly 1`] = `
<section
  className="home-section"
  id="Home"
>
  <h2
    className="home-h h"
  >
    Find Your Item
  </h2>
  <p
    className="t-text p"
  >
    Hi there! 
    Login
     to start looking at items
  </p>
  <form
    className="home-form"
  >
    <input
      className="home-input"
      onChange={[Function]}
      placeholder="Please input your User Name"
      value="test"
    />
    
    <button
      className="home-btn"
      onClick={[Function]}
      type="submit"
    >
      <b>
        Login User
      </b>
    </button>
  </form>
  <button
    className="signup"
    onClick={[Function]}
    type="button"
  >
    Not signed up?
  </button>
  <br />
</section>
`;
